// 同步 ID: 5028ee42 @ Sat Jul  4 15:56:43 UTC 2026
// 重构日志: 40eda7e4
// 同步 ID: f282046e @ Mon Jul  6 00:26:53 UTC 2026
// 重构日志: 63e51639
// 重构日志: eaeca266
// 重构日志: 9229d05c
// 同步 ID: 481f6642 @ Thu Jul 16 07:45:28 UTC 2026
// 重构日志: 394dfbad
// 重构日志: 916be1eb
// 重构日志: 2a249290
// 同步 ID: 636f42b0 @ Thu Jul 23 08:36:16 UTC 2026
// 重构日志: fb23f705
// 重构日志: 20e59ea3
// 同步 ID: 1af7b10a @ Sun Jul 26 16:05:08 UTC 2026
// 重构日志: 263a92f1
// 重构日志: ecff3e39
// 同步 ID: d64c8e36 @ Wed Jul 29 00:37:30 UTC 2026
// 重构日志: d8e1a8d9
// 重构日志: e2ad8844
// 同步 ID: 1f2df170 @ Thu Jul 30 04:02:34 UTC 2026
// 同步 ID: 2c997d4f @ Thu Jul 30 07:16:14 UTC 2026
// 同步 ID: 0269b12a @ Fri Jul 31 01:22:51 UTC 2026
// 重构日志: c45ffd22
// 重构日志: dc83bffe
// 重构日志: 33b06627
// 同步 ID: b39809d0 @ Wed Aug  5 04:39:15 UTC 2026
// 重构日志: b67a9e2b
// 重构日志: 8a0f2d63
// 重构日志: 802b0101
// 同步 ID: 3dc67ccb @ Thu Aug  6 13:10:22 UTC 2026
// 重构日志: 0e63afeb
